// Vitest Snapshot v1

exports[`Matches Snapshot 1`] = `
<div
  className="flex flex-col items-center space-y-5 min-w-[10rem]"
  data-testid="Intro"
>
  <div
    className="flex flex-col sm:flex-row space-x-2 items-center"
  >
    <div
      className="text-center sm:text-right"
    >
      Select the number of circles to get started:
    </div>
    <div
      className="MuiInput-root MuiInput-underline MuiInputBase-root MuiInputBase-colorPrimary  css-149989x-MuiInputBase-root-MuiInput-root-MuiSelect-root"
      onClick={[Function]}
    >
      <div
        aria-expanded="false"
        aria-haspopup="listbox"
        aria-labelledby="count-select"
        className="MuiSelect-select MuiSelect-standard MuiInput-input MuiInputBase-input css-197ijnv-MuiSelect-select-MuiInputBase-input-MuiInput-input"
        id="count-select"
        onBlur={[Function]}
        onFocus={[Function]}
        onKeyDown={[Function]}
        onMouseDown={[Function]}
        role="button"
        tabIndex={0}
      >
        Three
      </div>
      <input
        aria-hidden={true}
        className="MuiSelect-nativeInput css-yf8vq0-MuiSelect-nativeInput"
        onAnimationStart={[Function]}
        onChange={[Function]}
        tabIndex={-1}
        value={3}
      />
      <svg
        aria-hidden={true}
        className="MuiSvgIcon-root MuiSvgIcon-fontSizeMedium MuiSelect-icon MuiSelect-iconStandard css-hd63pv-MuiSvgIcon-root-MuiSelect-icon"
        data-testid="ArrowDropDownIcon"
        focusable="false"
        viewBox="0 0 24 24"
      >
        <path
          d="M7 10l5 5 5-5z"
        />
      </svg>
    </div>
  </div>
</div>
`;
