// Vitest Snapshot v1

exports[`Matches Snapshot 1`] = `
<div
  className="flex flex-col items-center space-y-6 sm:space-y-10"
>
  <div
    className="flex flex-wrap items-center justify-center gap-3 sm:gap-6"
  />
  <div
    id="score"
  >
    Score: 
    0
  </div>
</div>
`;
